Starting auto_commit script...
Adding changes...
fatal: detected dubious ownership in repository at '/workspaces/PythonData'
To add an exception for this directory, call:

	git config --global --add safe.directory /workspaces/PythonData
Committing changes...
fatal: detected dubious ownership in repository at '/workspaces/PythonData'
To add an exception for this directory, call:

	git config --global --add safe.directory /workspaces/PythonData
Sleeping for 3 minutes...

Adding changes...
Committing changes...

This repository is configured for Git LFS but 'git-lfs' was not found on your path. If you no longer wish to use Git LFS, remove this hook by deleting the 'post-commit' file in the hooks directory (set by 'core.hookspath'; usually '.git/hooks').

[main d2115c4] Auto commit on Mon Aug  4 07:12:28 UTC 2025
 1 file changed, 1 insertion(+)
Sleeping for 3 minutes...

Adding changes...
Committing changes...

This repository is configured for Git LFS but 'git-lfs' was not found on your path. If you no longer wish to use Git LFS, remove this hook by deleting the 'post-commit' file in the hooks directory (set by 'core.hookspath'; usually '.git/hooks').

[main eaea89b] Auto commit on Mon Aug  4 07:15:28 UTC 2025
 1 file changed, 1 insertion(+)
Sleeping for 3 minutes...

Adding changes...
Committing changes...

This repository is configured for Git LFS but 'git-lfs' was not found on your path. If you no longer wish to use Git LFS, remove this hook by deleting the 'post-commit' file in the hooks directory (set by 'core.hookspath'; usually '.git/hooks').

[main e516e69] Auto commit on Mon Aug  4 07:18:28 UTC 2025
 1 file changed, 9 insertions(+)
Sleeping for 3 minutes...

Adding changes...
Committing changes...
[main d8b9fef] Auto commit on Mon Aug  4 07:21:28 UTC 2025
 1 file changed, 1 insertion(+)
Sleeping for 3 minutes...

Adding changes...
Committing changes...
[main c6d78ec] Auto commit on Mon Aug  4 07:24:28 UTC 2025
 1 file changed, 6 insertions(+)
Sleeping for 3 minutes...

Starting auto_commit script...
Adding changes...
Committing changes...
[main e94be03] Auto commit on Mon Aug  4 07:30:13 UTC 2025
 1 file changed, 2 insertions(+)
Sleeping for 3 minutes...

